gplink-1.4.0 #1107 (Apr  3 2018)
Copyright (c) 1998-2014 gputils project
Listing File Generated: 9-1-2022  00:23:27
 
 
Address  Value    Disassembly              Source
-------  -----    -----------              ------
                                           ;--------------------------------------------------------
                                           ; File Created by SDCC : free open source ANSI-C Compiler
                                           ; Version 4.0.0 #11528 (Linux)
                                           ;--------------------------------------------------------
                                           ; PIC port for the 14-bit core
                                           ;--------------------------------------------------------
                                           ;	.file	"tombola.c"
                                           	list	p=12f675
                                           	radix dec
                                           	include "p12f675.inc"
                                                   LIST
                                           
                                           ;==========================================================================
                                           ; Build date : Aug 07 2014
                                           ;  MPASM PIC12F675 processor include
                                           ; 
                                           ;  (c) Copyright 1999-2014 Microchip Technology, All rights reserved
                                           ;==========================================================================
                                           
                                                   NOLIST
                                           ;--------------------------------------------------------
                                           ; config word(s)
                                           ;--------------------------------------------------------
002007   3f97     addlw   0x97             	__config 0x3f97
                                           ;--------------------------------------------------------
                                           ; external declarations
                                           ;--------------------------------------------------------
                                           	extern	__modsint
                                           	extern	_TRISIO
                                           	extern	_GPIO
                                           	extern	_GPIObits
                                           	extern	__sdcc_gsinit_startup
                                           ;--------------------------------------------------------
                                           ; global declarations
                                           ;--------------------------------------------------------
                                           	global	_main
                                           	global	_delay
                                           
                                           	global PSAVE
                                           	global SSAVE
                                           	global WSAVE
                                           	global STK12
                                           	global STK11
                                           	global STK10
                                           	global STK09
                                           	global STK08
                                           	global STK07
                                           	global STK06
                                           	global STK05
                                           	global STK04
                                           	global STK03
                                           	global STK02
                                           	global STK01
                                           	global STK00
                                           
                                           sharebank udata_ovr 0x0020
                                           PSAVE	res 1
                                           SSAVE	res 1
                                           WSAVE	res 1
                                           STK12	res 1
                                           STK11	res 1
                                           STK10	res 1
                                           STK09	res 1
                                           STK08	res 1
                                           STK07	res 1
                                           STK06	res 1
                                           STK05	res 1
                                           STK04	res 1
                                           STK03	res 1
                                           STK02	res 1
                                           STK01	res 1
                                           STK00	res 1
                                           
                                           ;--------------------------------------------------------
                                           ; global definitions
                                           ;--------------------------------------------------------
                                           ;--------------------------------------------------------
                                           ; absolute symbol definitions
                                           ;--------------------------------------------------------
                                           ;--------------------------------------------------------
                                           ; compiler-defined variables
                                           ;--------------------------------------------------------
                                           UDL_tombola_0	udata
                                           r0x1005	res	1
                                           r0x1006	res	1
                                           r0x1007	res	1
                                           r0x1008	res	1
                                           r0x1009	res	1
                                           r0x100A	res	1
                                           r0x100B	res	1
                                           r0x100C	res	1
                                           r0x100D	res	1
                                           r0x100E	res	1
                                           r0x100F	res	1
                                           r0x1010	res	1
                                           r0x1011	res	1
                                           r0x1001	res	1
                                           r0x1000	res	1
                                           r0x1002	res	1
                                           r0x1003	res	1
                                           r0x1004	res	1
                                           ;--------------------------------------------------------
                                           ; initialized data
                                           ;--------------------------------------------------------
                                           ;--------------------------------------------------------
                                           ; initialized absolute data
                                           ;--------------------------------------------------------
                                           ;--------------------------------------------------------
                                           ; overlayable items in internal ram 
                                           ;--------------------------------------------------------
                                           ;	udata_ovr
                                           ;--------------------------------------------------------
                                           ; reset vector 
                                           ;--------------------------------------------------------
                                           STARTUP	code 0x0000
000000   0000     nop                      	nop
                                           	pagesel __sdcc_gsinit_startup
000001   28e8     goto    0x00e8           	goto	__sdcc_gsinit_startup
                                           ;--------------------------------------------------------
                                           ; code
                                           ;--------------------------------------------------------
                                           code_tombola	code
                                           ;***
                                           ;  pBlock Stats: dbName = M
                                           ;***
                                           ;has an exit
                                           ;functions called:
                                           ;   _delay
                                           ;   __modsint
                                           ;   _delay
                                           ;   _delay
                                           ;   _delay
                                           ;   _delay
                                           ;   _delay
                                           ;   _delay
                                           ;   _delay
                                           ;   _delay
                                           ;   _delay
                                           ;   _delay
                                           ;   _delay
                                           ;   __modsint
                                           ;   _delay
                                           ;   _delay
                                           ;   _delay
                                           ;   _delay
                                           ;   _delay
                                           ;   _delay
                                           ;   _delay
                                           ;   _delay
                                           ;   _delay
                                           ;   _delay
                                           ;17 compiler assigned registers:
                                           ;   r0x1005
                                           ;   r0x1006
                                           ;   r0x1007
                                           ;   r0x1008
                                           ;   STK00
                                           ;   r0x1009
                                           ;   r0x100A
                                           ;   r0x100B
                                           ;   r0x100C
                                           ;   r0x100D
                                           ;   r0x100E
                                           ;   r0x100F
                                           ;   r0x1010
                                           ;   r0x1011
                                           ;   r0x1012
                                           ;   STK02
                                           ;   STK01
                                           ;; Starting pCode block
                                           S_tombola__main	code
                                           _main:
                                           ; 2 exit points
                                           ;	.line	11; "tombola.c"	TRISIO = 0x08; //GPIO3 = 1
000002   3008     movlw   0x08             	MOVLW	0x08
000003   1683     bsf     0x03, 0x5        	BANKSEL	_TRISIO
000004   0085     movwf   0x05             	MOVWF	_TRISIO
                                           ;	.line	12; "tombola.c"	GPIO = 0x00; //TODOS EN BAJO AL INICIO
000005   1283     bcf     0x03, 0x5        	BANKSEL	_GPIO
000006   0185     clrf    0x05             	CLRF	_GPIO
                                           ;	.line	21; "tombola.c"	x=0;
000007   01b0     clrf    0x30             	CLRF	r0x1005
                                           ;	.line	22; "tombola.c"	y=0;
000008   01b1     clrf    0x31             	CLRF	r0x1006
                                           ;	.line	23; "tombola.c"	z=0;
000009   01b2     clrf    0x32             	CLRF	r0x1007
                                           ;	.line	24; "tombola.c"	a=1;
00000a   3001     movlw   0x01             	MOVLW	0x01
00000b   00b3     movwf   0x33             	MOVWF	r0x1008
                                           ;	.line	26; "tombola.c"	delay(time);
00000c   3064     movlw   0x64             	MOVLW	0x64
00000d   00af     movwf   0x2f             	MOVWF	STK00
00000e   3000     movlw   0x00             	MOVLW	0x00
                                           	PAGESEL	_delay
00000f   2266     call    0x0266           	CALL	_delay
                                           	PAGESEL	$
                                           ;	.line	29; "tombola.c"	while (1)
000010   01b4     clrf    0x34             	CLRF	r0x1009
000011   01b5     clrf    0x35             	CLRF	r0x100A
                                           _00120_DS_:
                                           ;	.line	31; "tombola.c"	GPIO5 = 0; //SE DESABILITA PORQUE EL BCD AUN NO RECIBE ENTRADAS
000012   1283     bcf     0x03, 0x5        	BANKSEL	_GPIObits
000013   1285     bcf     0x05, 0x5        	BCF	_GPIObits,5
                                           ;	.line	33; "tombola.c"	if (GPIO3 == 1){
000014   01b6     clrf    0x36             	CLRF	r0x100B
000015   1985     btfsc   0x05, 0x3        	BTFSC	_GPIObits,3
000016   0ab6     incf    0x36, 0x1        	INCF	r0x100B,F
000017   0836     movf    0x36, 0x0        	MOVF	r0x100B,W
000018   3a01     xorlw   0x01             	XORLW	0x01
000019   1d03     btfss   0x03, 0x2        	BTFSS	STATUS,2
00001a   28e3     goto    0x00e3           	GOTO	_00118_DS_
                                           ;	.line	34; "tombola.c"	GPIO5 = 1; //SE HABILITA PARA QUE EL BCD RECIBA ENTRADAS
00001b   1685     bsf     0x05, 0x5        	BSF	_GPIObits,5
                                           ;	.line	37; "tombola.c"	for(unsigned long i=0;i<counter;i++)
00001c   01b6     clrf    0x36             	CLRF	r0x100B
00001d   01b7     clrf    0x37             	CLRF	r0x100C
00001e   01b8     clrf    0x38             	CLRF	r0x100D
00001f   01b9     clrf    0x39             	CLRF	r0x100E
                                           _00123_DS_:
000020   0834     movf    0x34, 0x0        	MOVF	r0x1009,W
000021   00ba     movwf   0x3a             	MOVWF	r0x100F
000022   0835     movf    0x35, 0x0        	MOVF	r0x100A,W
000023   00bb     movwf   0x3b             	MOVWF	r0x1010
000024   01bc     clrf    0x3c             	CLRF	r0x1011
                                           ;;1	CLRF	r0x1012
000025   3000     movlw   0x00             	MOVLW	0x00
000026   0239     subwf   0x39, 0x0        	SUBWF	r0x100E,W
000027   1d03     btfss   0x03, 0x2        	BTFSS	STATUS,2
000028   2833     goto    0x0033           	GOTO	_00148_DS_
000029   083c     movf    0x3c, 0x0        	MOVF	r0x1011,W
00002a   0238     subwf   0x38, 0x0        	SUBWF	r0x100D,W
00002b   1d03     btfss   0x03, 0x2        	BTFSS	STATUS,2
00002c   2833     goto    0x0033           	GOTO	_00148_DS_
00002d   083b     movf    0x3b, 0x0        	MOVF	r0x1010,W
00002e   0237     subwf   0x37, 0x0        	SUBWF	r0x100C,W
00002f   1d03     btfss   0x03, 0x2        	BTFSS	STATUS,2
000030   2833     goto    0x0033           	GOTO	_00148_DS_
000031   083a     movf    0x3a, 0x0        	MOVF	r0x100F,W
000032   0236     subwf   0x36, 0x0        	SUBWF	r0x100B,W
                                           _00148_DS_:
000033   1803     btfsc   0x03, 0x0        	BTFSC	STATUS,0
000034   285a     goto    0x005a           	GOTO	_00105_DS_
                                           ;;genSkipc:3307: created from rifx:0x7ffca5a0f0a0
                                           ;	.line	39; "tombola.c"	unsigned char t = x ^ (x << 4);
000035   0830     movf    0x30, 0x0        	MOVF	r0x1005,W
000036   00ba     movwf   0x3a             	MOVWF	r0x100F
000037   0e3a     swapf   0x3a, 0x0        	SWAPF	r0x100F,W
000038   39f0     andlw   0xf0             	ANDLW	0xf0
000039   00bb     movwf   0x3b             	MOVWF	r0x1010
00003a   00ba     movwf   0x3a             	MOVWF	r0x100F
00003b   0630     xorwf   0x30, 0x0        	XORWF	r0x1005,W
00003c   00bb     movwf   0x3b             	MOVWF	r0x1010
                                           ;	.line	40; "tombola.c"	x=y;
00003d   0831     movf    0x31, 0x0        	MOVF	r0x1006,W
00003e   00b0     movwf   0x30             	MOVWF	r0x1005
                                           ;	.line	41; "tombola.c"	y=z;
00003f   0832     movf    0x32, 0x0        	MOVF	r0x1007,W
000040   00b1     movwf   0x31             	MOVWF	r0x1006
                                           ;	.line	42; "tombola.c"	z=a;
000041   0833     movf    0x33, 0x0        	MOVF	r0x1008,W
000042   00b2     movwf   0x32             	MOVWF	r0x1007
                                           ;	.line	43; "tombola.c"	a = z ^ t ^ ( z >> 1) ^ (t << 1);
000043   083b     movf    0x3b, 0x0        	MOVF	r0x1010,W
000044   0633     xorwf   0x33, 0x0        	XORWF	r0x1008,W
000045   00ba     movwf   0x3a             	MOVWF	r0x100F
                                           ;;shiftRight_Left2ResultLit:5474: shCount=1, size=1, sign=0, same=0, offr=0
000046   1003     bcf     0x03, 0x0        	BCF	STATUS,0
000047   0c33     rrf     0x33, 0x0        	RRF	r0x1008,W
000048   00bc     movwf   0x3c             	MOVWF	r0x1011
000049   06ba     xorwf   0x3a, 0x1        	XORWF	r0x100F,F
00004a   083b     movf    0x3b, 0x0        	MOVF	r0x1010,W
00004b   00bc     movwf   0x3c             	MOVWF	r0x1011
00004c   1003     bcf     0x03, 0x0        	BCF	STATUS,0
00004d   0d3c     rlf     0x3c, 0x0        	RLF	r0x1011,W
00004e   00bb     movwf   0x3b             	MOVWF	r0x1010
00004f   00bc     movwf   0x3c             	MOVWF	r0x1011
000050   063a     xorwf   0x3a, 0x0        	XORWF	r0x100F,W
000051   00b3     movwf   0x33             	MOVWF	r0x1008
                                           ;	.line	37; "tombola.c"	for(unsigned long i=0;i<counter;i++)
000052   0ab6     incf    0x36, 0x1        	INCF	r0x100B,F
000053   1903     btfsc   0x03, 0x2        	BTFSC	STATUS,2
000054   0ab7     incf    0x37, 0x1        	INCF	r0x100C,F
000055   1903     btfsc   0x03, 0x2        	BTFSC	STATUS,2
000056   0ab8     incf    0x38, 0x1        	INCF	r0x100D,F
000057   1903     btfsc   0x03, 0x2        	BTFSC	STATUS,2
000058   0ab9     incf    0x39, 0x1        	INCF	r0x100E,F
000059   2820     goto    0x0020           	GOTO	_00123_DS_
                                           ;;100	MOVF	r0x1008,W
                                           _00105_DS_:
                                           ;	.line	47; "tombola.c"	random = a % 10;
00005a   01b7     clrf    0x37             	CLRF	r0x100C
00005b   300a     movlw   0x0a             	MOVLW	0x0a
00005c   00ad     movwf   0x2d             	MOVWF	STK02
00005d   3000     movlw   0x00             	MOVLW	0x00
00005e   00ae     movwf   0x2e             	MOVWF	STK01
                                           ;;99	MOVF	r0x100B,W
00005f   0833     movf    0x33, 0x0        	MOVF	r0x1008,W
000060   00b6     movwf   0x36             	MOVWF	r0x100B
000061   00af     movwf   0x2f             	MOVWF	STK00
000062   3000     movlw   0x00             	MOVLW	0x00
                                           	PAGESEL	__modsint
000063   2184     call    0x0184           	CALL	__modsint
                                           	PAGESEL	$
000064   00b7     movwf   0x37             	MOVWF	r0x100C
000065   082f     movf    0x2f, 0x0        	MOVF	STK00,W
000066   00b6     movwf   0x36             	MOVWF	r0x100B
                                           ;;swapping arguments (AOP_TYPEs 1/2)
                                           ;;unsigned compare: left >= lit(0xA=10), size=2
                                           ;	.line	50; "tombola.c"	switch (random)
000067   3000     movlw   0x00             	MOVLW	0x00
000068   0237     subwf   0x37, 0x0        	SUBWF	r0x100C,W
000069   1d03     btfss   0x03, 0x2        	BTFSS	STATUS,2
00006a   286d     goto    0x006d           	GOTO	_00149_DS_
00006b   300a     movlw   0x0a             	MOVLW	0x0a
00006c   0236     subwf   0x36, 0x0        	SUBWF	r0x100B,W
                                           _00149_DS_:
00006d   1803     btfsc   0x03, 0x0        	BTFSC	STATUS,0
00006e   28e3     goto    0x00e3           	GOTO	_00118_DS_
                                           ;;genSkipc:3307: created from rifx:0x7ffca5a0f0a0
00006f   3000     movlw   0x00             	MOVLW	HIGH(_00150_DS_)
000070   008a     movwf   0x0a             	MOVWF	PCLATH
000071   3076     movlw   0x76             	MOVLW	_00150_DS_
000072   0736     addwf   0x36, 0x0        	ADDWF	r0x100B,W
000073   1803     btfsc   0x03, 0x0        	BTFSC	STATUS,0
000074   0a8a     incf    0x0a, 0x1        	INCF	PCLATH,F
000075   0082     movwf   0x02             	MOVWF	PCL
                                           _00150_DS_:
000076   2880     goto    0x0080           	GOTO	_00106_DS_
000077   288a     goto    0x008a           	GOTO	_00107_DS_
000078   2894     goto    0x0094           	GOTO	_00108_DS_
000079   289e     goto    0x009e           	GOTO	_00109_DS_
00007a   28a8     goto    0x00a8           	GOTO	_00110_DS_
00007b   28b2     goto    0x00b2           	GOTO	_00111_DS_
00007c   28bc     goto    0x00bc           	GOTO	_00112_DS_
00007d   28c6     goto    0x00c6           	GOTO	_00113_DS_
00007e   28d0     goto    0x00d0           	GOTO	_00114_DS_
00007f   28da     goto    0x00da           	GOTO	_00115_DS_
                                           _00106_DS_:
                                           ;	.line	53; "tombola.c"	GPIO0 = 0; 
000080   1283     bcf     0x03, 0x5        	BANKSEL	_GPIObits
000081   1005     bcf     0x05, 0x0        	BCF	_GPIObits,0
                                           ;	.line	54; "tombola.c"	GPIO1 = 0;
000082   1085     bcf     0x05, 0x1        	BCF	_GPIObits,1
                                           ;	.line	55; "tombola.c"	GPIO2 = 0;
000083   1105     bcf     0x05, 0x2        	BCF	_GPIObits,2
                                           ;	.line	56; "tombola.c"	GPIO4 = 0;
000084   1205     bcf     0x05, 0x4        	BCF	_GPIObits,4
                                           ;	.line	57; "tombola.c"	delay(time);
000085   3064     movlw   0x64             	MOVLW	0x64
000086   00af     movwf   0x2f             	MOVWF	STK00
000087   3000     movlw   0x00             	MOVLW	0x00
                                           	PAGESEL	_delay
000088   2266     call    0x0266           	CALL	_delay
                                           	PAGESEL	$
                                           ;	.line	58; "tombola.c"	break;
000089   28e3     goto    0x00e3           	GOTO	_00118_DS_
                                           _00107_DS_:
                                           ;	.line	60; "tombola.c"	GPIO0 = 0;
00008a   1283     bcf     0x03, 0x5        	BANKSEL	_GPIObits
00008b   1005     bcf     0x05, 0x0        	BCF	_GPIObits,0
                                           ;	.line	61; "tombola.c"	GPIO1 = 0;
00008c   1085     bcf     0x05, 0x1        	BCF	_GPIObits,1
                                           ;	.line	62; "tombola.c"	GPIO2 = 0;
00008d   1105     bcf     0x05, 0x2        	BCF	_GPIObits,2
                                           ;	.line	63; "tombola.c"	GPIO4 = 1;
00008e   1605     bsf     0x05, 0x4        	BSF	_GPIObits,4
                                           ;	.line	64; "tombola.c"	delay(time);
00008f   3064     movlw   0x64             	MOVLW	0x64
000090   00af     movwf   0x2f             	MOVWF	STK00
000091   3000     movlw   0x00             	MOVLW	0x00
                                           	PAGESEL	_delay
000092   2266     call    0x0266           	CALL	_delay
                                           	PAGESEL	$
                                           ;	.line	65; "tombola.c"	break;
000093   28e3     goto    0x00e3           	GOTO	_00118_DS_
                                           _00108_DS_:
                                           ;	.line	67; "tombola.c"	GPIO0 = 0;
000094   1283     bcf     0x03, 0x5        	BANKSEL	_GPIObits
000095   1005     bcf     0x05, 0x0        	BCF	_GPIObits,0
                                           ;	.line	68; "tombola.c"	GPIO1 = 0;
000096   1085     bcf     0x05, 0x1        	BCF	_GPIObits,1
                                           ;	.line	69; "tombola.c"	GPIO2 = 1;
000097   1505     bsf     0x05, 0x2        	BSF	_GPIObits,2
                                           ;	.line	70; "tombola.c"	GPIO4 = 0;
000098   1205     bcf     0x05, 0x4        	BCF	_GPIObits,4
                                           ;	.line	71; "tombola.c"	delay(time);
000099   3064     movlw   0x64             	MOVLW	0x64
00009a   00af     movwf   0x2f             	MOVWF	STK00
00009b   3000     movlw   0x00             	MOVLW	0x00
                                           	PAGESEL	_delay
00009c   2266     call    0x0266           	CALL	_delay
                                           	PAGESEL	$
                                           ;	.line	72; "tombola.c"	break;
00009d   28e3     goto    0x00e3           	GOTO	_00118_DS_
                                           _00109_DS_:
                                           ;	.line	74; "tombola.c"	GPIO0 = 0;
00009e   1283     bcf     0x03, 0x5        	BANKSEL	_GPIObits
00009f   1005     bcf     0x05, 0x0        	BCF	_GPIObits,0
                                           ;	.line	75; "tombola.c"	GPIO1 = 0;
0000a0   1085     bcf     0x05, 0x1        	BCF	_GPIObits,1
                                           ;	.line	76; "tombola.c"	GPIO2 = 1;
0000a1   1505     bsf     0x05, 0x2        	BSF	_GPIObits,2
                                           ;	.line	77; "tombola.c"	GPIO4 = 1;
0000a2   1605     bsf     0x05, 0x4        	BSF	_GPIObits,4
                                           ;	.line	78; "tombola.c"	delay(time);
0000a3   3064     movlw   0x64             	MOVLW	0x64
0000a4   00af     movwf   0x2f             	MOVWF	STK00
0000a5   3000     movlw   0x00             	MOVLW	0x00
                                           	PAGESEL	_delay
0000a6   2266     call    0x0266           	CALL	_delay
                                           	PAGESEL	$
                                           ;	.line	79; "tombola.c"	break;
0000a7   28e3     goto    0x00e3           	GOTO	_00118_DS_
                                           _00110_DS_:
                                           ;	.line	81; "tombola.c"	GPIO0 = 0;
0000a8   1283     bcf     0x03, 0x5        	BANKSEL	_GPIObits
0000a9   1005     bcf     0x05, 0x0        	BCF	_GPIObits,0
                                           ;	.line	82; "tombola.c"	GPIO1 = 1;
0000aa   1485     bsf     0x05, 0x1        	BSF	_GPIObits,1
                                           ;	.line	83; "tombola.c"	GPIO2 = 0;
0000ab   1105     bcf     0x05, 0x2        	BCF	_GPIObits,2
                                           ;	.line	84; "tombola.c"	GPIO4 = 0;
0000ac   1205     bcf     0x05, 0x4        	BCF	_GPIObits,4
                                           ;	.line	85; "tombola.c"	delay(time);
0000ad   3064     movlw   0x64             	MOVLW	0x64
0000ae   00af     movwf   0x2f             	MOVWF	STK00
0000af   3000     movlw   0x00             	MOVLW	0x00
                                           	PAGESEL	_delay
0000b0   2266     call    0x0266           	CALL	_delay
                                           	PAGESEL	$
                                           ;	.line	86; "tombola.c"	break;
0000b1   28e3     goto    0x00e3           	GOTO	_00118_DS_
                                           _00111_DS_:
                                           ;	.line	88; "tombola.c"	GPIO0 = 0;
0000b2   1283     bcf     0x03, 0x5        	BANKSEL	_GPIObits
0000b3   1005     bcf     0x05, 0x0        	BCF	_GPIObits,0
                                           ;	.line	89; "tombola.c"	GPIO1 = 1;
0000b4   1485     bsf     0x05, 0x1        	BSF	_GPIObits,1
                                           ;	.line	90; "tombola.c"	GPIO2 = 0;
0000b5   1105     bcf     0x05, 0x2        	BCF	_GPIObits,2
                                           ;	.line	91; "tombola.c"	GPIO4 = 1;
0000b6   1605     bsf     0x05, 0x4        	BSF	_GPIObits,4
                                           ;	.line	92; "tombola.c"	delay(time);
0000b7   3064     movlw   0x64             	MOVLW	0x64
0000b8   00af     movwf   0x2f             	MOVWF	STK00
0000b9   3000     movlw   0x00             	MOVLW	0x00
                                           	PAGESEL	_delay
0000ba   2266     call    0x0266           	CALL	_delay
                                           	PAGESEL	$
                                           ;	.line	93; "tombola.c"	break;
0000bb   28e3     goto    0x00e3           	GOTO	_00118_DS_
                                           _00112_DS_:
                                           ;	.line	95; "tombola.c"	GPIO0 = 0;
0000bc   1283     bcf     0x03, 0x5        	BANKSEL	_GPIObits
0000bd   1005     bcf     0x05, 0x0        	BCF	_GPIObits,0
                                           ;	.line	96; "tombola.c"	GPIO1 = 1;
0000be   1485     bsf     0x05, 0x1        	BSF	_GPIObits,1
                                           ;	.line	97; "tombola.c"	GPIO2 = 1;
0000bf   1505     bsf     0x05, 0x2        	BSF	_GPIObits,2
                                           ;	.line	98; "tombola.c"	GPIO4 = 0;
0000c0   1205     bcf     0x05, 0x4        	BCF	_GPIObits,4
                                           ;	.line	99; "tombola.c"	delay(time);
0000c1   3064     movlw   0x64             	MOVLW	0x64
0000c2   00af     movwf   0x2f             	MOVWF	STK00
0000c3   3000     movlw   0x00             	MOVLW	0x00
                                           	PAGESEL	_delay
0000c4   2266     call    0x0266           	CALL	_delay
                                           	PAGESEL	$
                                           ;	.line	100; "tombola.c"	break;
0000c5   28e3     goto    0x00e3           	GOTO	_00118_DS_
                                           _00113_DS_:
                                           ;	.line	102; "tombola.c"	GPIO0 = 0;
0000c6   1283     bcf     0x03, 0x5        	BANKSEL	_GPIObits
0000c7   1005     bcf     0x05, 0x0        	BCF	_GPIObits,0
                                           ;	.line	103; "tombola.c"	GPIO1 = 1;
0000c8   1485     bsf     0x05, 0x1        	BSF	_GPIObits,1
                                           ;	.line	104; "tombola.c"	GPIO2 = 1;
0000c9   1505     bsf     0x05, 0x2        	BSF	_GPIObits,2
                                           ;	.line	105; "tombola.c"	GPIO4 = 1;
0000ca   1605     bsf     0x05, 0x4        	BSF	_GPIObits,4
                                           ;	.line	106; "tombola.c"	delay(time);
0000cb   3064     movlw   0x64             	MOVLW	0x64
0000cc   00af     movwf   0x2f             	MOVWF	STK00
0000cd   3000     movlw   0x00             	MOVLW	0x00
                                           	PAGESEL	_delay
0000ce   2266     call    0x0266           	CALL	_delay
                                           	PAGESEL	$
                                           ;	.line	107; "tombola.c"	break;
0000cf   28e3     goto    0x00e3           	GOTO	_00118_DS_
                                           _00114_DS_:
                                           ;	.line	109; "tombola.c"	GPIO0 = 1;
0000d0   1283     bcf     0x03, 0x5        	BANKSEL	_GPIObits
0000d1   1405     bsf     0x05, 0x0        	BSF	_GPIObits,0
                                           ;	.line	110; "tombola.c"	GPIO1 = 0;
0000d2   1085     bcf     0x05, 0x1        	BCF	_GPIObits,1
                                           ;	.line	111; "tombola.c"	GPIO2 = 0;
0000d3   1105     bcf     0x05, 0x2        	BCF	_GPIObits,2
                                           ;	.line	112; "tombola.c"	GPIO4 = 0;
0000d4   1205     bcf     0x05, 0x4        	BCF	_GPIObits,4
                                           ;	.line	113; "tombola.c"	delay(time);
0000d5   3064     movlw   0x64             	MOVLW	0x64
0000d6   00af     movwf   0x2f             	MOVWF	STK00
0000d7   3000     movlw   0x00             	MOVLW	0x00
                                           	PAGESEL	_delay
0000d8   2266     call    0x0266           	CALL	_delay
                                           	PAGESEL	$
                                           ;	.line	114; "tombola.c"	break;
0000d9   28e3     goto    0x00e3           	GOTO	_00118_DS_
                                           _00115_DS_:
                                           ;	.line	116; "tombola.c"	GPIO0 = 1;
0000da   1283     bcf     0x03, 0x5        	BANKSEL	_GPIObits
0000db   1405     bsf     0x05, 0x0        	BSF	_GPIObits,0
                                           ;	.line	117; "tombola.c"	GPIO1 = 0;
0000dc   1085     bcf     0x05, 0x1        	BCF	_GPIObits,1
                                           ;	.line	118; "tombola.c"	GPIO2 = 0;
0000dd   1105     bcf     0x05, 0x2        	BCF	_GPIObits,2
                                           ;	.line	119; "tombola.c"	GPIO4 = 1;
0000de   1605     bsf     0x05, 0x4        	BSF	_GPIObits,4
                                           ;	.line	120; "tombola.c"	delay(time);
0000df   3064     movlw   0x64             	MOVLW	0x64
0000e0   00af     movwf   0x2f             	MOVWF	STK00
0000e1   3000     movlw   0x00             	MOVLW	0x00
                                           	PAGESEL	_delay
0000e2   2266     call    0x0266           	CALL	_delay
                                           	PAGESEL	$
                                           _00118_DS_:
                                           ;	.line	127; "tombola.c"	counter += 1;
0000e3   0ab4     incf    0x34, 0x1        	INCF	r0x1009,F
0000e4   1903     btfsc   0x03, 0x2        	BTFSC	STATUS,2
0000e5   0ab5     incf    0x35, 0x1        	INCF	r0x100A,F
0000e6   2812     goto    0x0012           	GOTO	_00120_DS_
                                           ;	.line	132; "tombola.c"	}
0000e7   0008     return                   	RETURN	
                                           ; exit point of _main
                                           
                                           ;***
                                           ;  pBlock Stats: dbName = C
                                           ;***
                                           ;has an exit
                                           ;6 compiler assigned registers:
                                           ;   r0x1000
                                           ;   STK00
                                           ;   r0x1001
                                           ;   r0x1002
                                           ;   r0x1003
                                           ;   r0x1004
                                           ;; Starting pCode block
                                           S_tombola__delay	code
                                           _delay:
                                           ; 2 exit points
                                           ;	.line	134; "tombola.c"	void delay(unsigned int tiempo)
000266   00be     movwf   0x3e             	MOVWF	r0x1000
000267   082f     movf    0x2f, 0x0        	MOVF	STK00,W
000268   00bd     movwf   0x3d             	MOVWF	r0x1001
                                           ;	.line	138; "tombola.c"	for (i=0; i < tiempo; i++)
000269   01bf     clrf    0x3f             	CLRF	r0x1002
00026a   01c0     clrf    0x40             	CLRF	r0x1003
                                           _00161_DS_:
00026b   083e     movf    0x3e, 0x0        	MOVF	r0x1000,W
00026c   0240     subwf   0x40, 0x0        	SUBWF	r0x1003,W
00026d   1d03     btfss   0x03, 0x2        	BTFSS	STATUS,2
00026e   2a71     goto    0x0271           	GOTO	_00183_DS_
00026f   083d     movf    0x3d, 0x0        	MOVF	r0x1001,W
000270   023f     subwf   0x3f, 0x0        	SUBWF	r0x1002,W
                                           _00183_DS_:
000271   1803     btfsc   0x03, 0x0        	BTFSC	STATUS,0
000272   2a83     goto    0x0283           	GOTO	_00163_DS_
                                           ;;genSkipc:3307: created from rifx:0x7ffca5a0f0a0
                                           ;;unsigned compare: left < lit(0x4FB=1275), size=2
                                           ;	.line	139; "tombola.c"	for (j = 0; i < 1275; j++);
000273   3004     movlw   0x04             	MOVLW	0x04
000274   0240     subwf   0x40, 0x0        	SUBWF	r0x1003,W
000275   1d03     btfss   0x03, 0x2        	BTFSS	STATUS,2
000276   2a79     goto    0x0279           	GOTO	_00184_DS_
000277   30fb     movlw   0xfb             	MOVLW	0xfb
000278   023f     subwf   0x3f, 0x0        	SUBWF	r0x1002,W
                                           _00184_DS_:
000279   01c1     clrf    0x41             	CLRF	r0x1004
00027a   1c03     btfss   0x03, 0x0        	BTFSS	STATUS,0
00027b   1441     bsf     0x41, 0x0        	BSF	r0x1004,0
                                           _00158_DS_:
00027c   0841     movf    0x41, 0x0        	MOVF	r0x1004,W
00027d   1d03     btfss   0x03, 0x2        	BTFSS	STATUS,2
00027e   2a7c     goto    0x027c           	GOTO	_00158_DS_
                                           ;	.line	138; "tombola.c"	for (i=0; i < tiempo; i++)
00027f   0abf     incf    0x3f, 0x1        	INCF	r0x1002,F
000280   1903     btfsc   0x03, 0x2        	BTFSC	STATUS,2
000281   0ac0     incf    0x40, 0x1        	INCF	r0x1003,F
000282   2a6b     goto    0x026b           	GOTO	_00161_DS_
                                           _00163_DS_:
                                           ;	.line	141; "tombola.c"	}
000283   0008     return                   	RETURN	
                                           ; exit point of _delay
                                           
                                           
                                           ;	code size estimation:
                                           ;	  247+   37 =   284 instructions (  642 byte)
                                           
                                           	end
