gplink-1.4.0 #1107 (Apr  3 2018)
Copyright (c) 1998-2014 gputils project
Listing File Generated: 8-30-2022  02:15:02
 
 
Address  Value    Disassembly              Source
-------  -----    -----------              ------
                                           ;--------------------------------------------------------
                                           ; File Created by SDCC : free open source ANSI-C Compiler
                                           ; Version 4.0.0 #11528 (Linux)
                                           ;--------------------------------------------------------
                                           ; PIC port for the 14-bit core
                                           ;--------------------------------------------------------
                                           ;	.file	"tombola.c"
                                           	list	p=12f675
                                           	radix dec
                                           	include "p12f675.inc"
                                                   LIST
                                           
                                           ;==========================================================================
                                           ; Build date : Aug 07 2014
                                           ;  MPASM PIC12F675 processor include
                                           ; 
                                           ;  (c) Copyright 1999-2014 Microchip Technology, All rights reserved
                                           ;==========================================================================
                                           
                                                   NOLIST
                                           ;--------------------------------------------------------
                                           ; config word(s)
                                           ;--------------------------------------------------------
002007   3fd7     addlw   0xd7             	__config 0x3fd7
                                           ;--------------------------------------------------------
                                           ; external declarations
                                           ;--------------------------------------------------------
                                           	extern	_TRISIO
                                           	extern	_GPIO
                                           	extern	_GPIObits
                                           	extern	__sdcc_gsinit_startup
                                           ;--------------------------------------------------------
                                           ; global declarations
                                           ;--------------------------------------------------------
                                           	global	_main
                                           	global	_delay
                                           
                                           	global PSAVE
                                           	global SSAVE
                                           	global WSAVE
                                           	global STK12
                                           	global STK11
                                           	global STK10
                                           	global STK09
                                           	global STK08
                                           	global STK07
                                           	global STK06
                                           	global STK05
                                           	global STK04
                                           	global STK03
                                           	global STK02
                                           	global STK01
                                           	global STK00
                                           
                                           sharebank udata_ovr 0x0020
                                           PSAVE	res 1
                                           SSAVE	res 1
                                           WSAVE	res 1
                                           STK12	res 1
                                           STK11	res 1
                                           STK10	res 1
                                           STK09	res 1
                                           STK08	res 1
                                           STK07	res 1
                                           STK06	res 1
                                           STK05	res 1
                                           STK04	res 1
                                           STK03	res 1
                                           STK02	res 1
                                           STK01	res 1
                                           STK00	res 1
                                           
                                           ;--------------------------------------------------------
                                           ; global definitions
                                           ;--------------------------------------------------------
                                           ;--------------------------------------------------------
                                           ; absolute symbol definitions
                                           ;--------------------------------------------------------
                                           ;--------------------------------------------------------
                                           ; compiler-defined variables
                                           ;--------------------------------------------------------
                                           UDL_tombola_0	udata
                                           r0x1005	res	1
                                           r0x1006	res	1
                                           r0x1007	res	1
                                           r0x1001	res	1
                                           r0x1000	res	1
                                           r0x1002	res	1
                                           r0x1003	res	1
                                           r0x1004	res	1
                                           ;--------------------------------------------------------
                                           ; initialized data
                                           ;--------------------------------------------------------
                                           ;--------------------------------------------------------
                                           ; initialized absolute data
                                           ;--------------------------------------------------------
                                           ;--------------------------------------------------------
                                           ; overlayable items in internal ram 
                                           ;--------------------------------------------------------
                                           ;	udata_ovr
                                           ;--------------------------------------------------------
                                           ; reset vector 
                                           ;--------------------------------------------------------
                                           STARTUP	code 0x0000
000000   0000     nop                      	nop
                                           	pagesel __sdcc_gsinit_startup
000001   28ab     goto    0x00ab           	goto	__sdcc_gsinit_startup
                                           ;--------------------------------------------------------
                                           ; code
                                           ;--------------------------------------------------------
                                           code_tombola	code
                                           ;***
                                           ;  pBlock Stats: dbName = M
                                           ;***
                                           ;has an exit
                                           ;functions called:
                                           ;   _delay
                                           ;   _delay
                                           ;   _delay
                                           ;   _delay
                                           ;   _delay
                                           ;   _delay
                                           ;   _delay
                                           ;   _delay
                                           ;   _delay
                                           ;   _delay
                                           ;   _delay
                                           ;   _delay
                                           ;   _delay
                                           ;   _delay
                                           ;   _delay
                                           ;   _delay
                                           ;   _delay
                                           ;   _delay
                                           ;   _delay
                                           ;   _delay
                                           ;5 compiler assigned registers:
                                           ;   r0x1005
                                           ;   r0x1006
                                           ;   r0x1007
                                           ;   r0x1008
                                           ;   STK00
                                           ;; Starting pCode block
                                           S_tombola__main	code
                                           _main:
                                           ; 2 exit points
                                           ;	.line	9; "tombola.c"	TRISIO = 0b00001000;
000002   3008     movlw   0x08             	MOVLW	0x08
000003   1683     bsf     0x03, 0x5        	BANKSEL	_TRISIO
000004   0085     movwf   0x05             	MOVWF	_TRISIO
                                           ;	.line	10; "tombola.c"	GPIO = 0x00;
000005   1283     bcf     0x03, 0x5        	BANKSEL	_GPIO
000006   0185     clrf    0x05             	CLRF	_GPIO
                                           ;	.line	12; "tombola.c"	unsigned int counter = 0;
000007   01bc     clrf    0x3c             	CLRF	r0x1005
000008   01bd     clrf    0x3d             	CLRF	r0x1006
                                           _00124_DS_:
                                           ;	.line	16; "tombola.c"	GPIO5 = 0;
000009   1283     bcf     0x03, 0x5        	BANKSEL	_GPIObits
00000a   1285     bcf     0x05, 0x5        	BCF	_GPIObits,5
                                           ;;swapping arguments (AOP_TYPEs 1/2)
                                           ;;unsigned compare: left >= lit(0xA=10), size=2
                                           ;	.line	17; "tombola.c"	if (counter <= 9){
00000b   3000     movlw   0x00             	MOVLW	0x00
00000c   023d     subwf   0x3d, 0x0        	SUBWF	r0x1006,W
00000d   1d03     btfss   0x03, 0x2        	BTFSS	STATUS,2
00000e   2811     goto    0x0011           	GOTO	_00148_DS_
00000f   300a     movlw   0x0a             	MOVLW	0x0a
000010   023c     subwf   0x3c, 0x0        	SUBWF	r0x1005,W
                                           _00148_DS_:
000011   1803     btfsc   0x03, 0x0        	BTFSC	STATUS,0
000012   289f     goto    0x009f           	GOTO	_00121_DS_
                                           ;;genSkipc:3307: created from rifx:0x7fffe769a6e0
                                           ;	.line	18; "tombola.c"	if (GPIO3 == 1){
000013   01be     clrf    0x3e             	CLRF	r0x1007
000014   1283     bcf     0x03, 0x5        	BANKSEL	_GPIObits
000015   1985     btfsc   0x05, 0x3        	BTFSC	_GPIObits,3
000016   0abe     incf    0x3e, 0x1        	INCF	r0x1007,F
000017   083e     movf    0x3e, 0x0        	MOVF	r0x1007,W
000018   3a01     xorlw   0x01             	XORLW	0x01
000019   1d03     btfss   0x03, 0x2        	BTFSS	STATUS,2
00001a   289b     goto    0x009b           	GOTO	_00117_DS_
                                           ;	.line	19; "tombola.c"	GPIO5 = 1;
00001b   1685     bsf     0x05, 0x5        	BSF	_GPIObits,5
                                           ;	.line	20; "tombola.c"	random = counter;
00001c   083c     movf    0x3c, 0x0        	MOVF	r0x1005,W
00001d   00be     movwf   0x3e             	MOVWF	r0x1007
00001e   083d     movf    0x3d, 0x0        	MOVF	r0x1006,W
                                           ;;1	MOVWF	r0x1008
                                           ;;swapping arguments (AOP_TYPEs 1/2)
                                           ;;unsigned compare: left >= lit(0xA=10), size=2
                                           ;	.line	22; "tombola.c"	switch (random)
00001f   3000     movlw   0x00             	MOVLW	0x00
000020   023d     subwf   0x3d, 0x0        	SUBWF	r0x1006,W
000021   1d03     btfss   0x03, 0x2        	BTFSS	STATUS,2
000022   2825     goto    0x0025           	GOTO	_00149_DS_
000023   300a     movlw   0x0a             	MOVLW	0x0a
000024   023c     subwf   0x3c, 0x0        	SUBWF	r0x1005,W
                                           _00149_DS_:
000025   1803     btfsc   0x03, 0x0        	BTFSC	STATUS,0
000026   289b     goto    0x009b           	GOTO	_00117_DS_
                                           ;;genSkipc:3307: created from rifx:0x7fffe769a6e0
000027   3000     movlw   0x00             	MOVLW	HIGH(_00150_DS_)
000028   008a     movwf   0x0a             	MOVWF	PCLATH
000029   302e     movlw   0x2e             	MOVLW	_00150_DS_
00002a   073e     addwf   0x3e, 0x0        	ADDWF	r0x1007,W
00002b   1803     btfsc   0x03, 0x0        	BTFSC	STATUS,0
00002c   0a8a     incf    0x0a, 0x1        	INCF	PCLATH,F
00002d   0082     movwf   0x02             	MOVWF	PCL
                                           _00150_DS_:
00002e   2838     goto    0x0038           	GOTO	_00105_DS_
00002f   2842     goto    0x0042           	GOTO	_00106_DS_
000030   284c     goto    0x004c           	GOTO	_00107_DS_
000031   2856     goto    0x0056           	GOTO	_00108_DS_
000032   2860     goto    0x0060           	GOTO	_00109_DS_
000033   286a     goto    0x006a           	GOTO	_00110_DS_
000034   2874     goto    0x0074           	GOTO	_00111_DS_
000035   287e     goto    0x007e           	GOTO	_00112_DS_
000036   2888     goto    0x0088           	GOTO	_00113_DS_
000037   2892     goto    0x0092           	GOTO	_00114_DS_
                                           _00105_DS_:
                                           ;	.line	25; "tombola.c"	GPIO0 = 0; 
000038   1283     bcf     0x03, 0x5        	BANKSEL	_GPIObits
000039   1005     bcf     0x05, 0x0        	BCF	_GPIObits,0
                                           ;	.line	26; "tombola.c"	GPIO1 = 0;
00003a   1085     bcf     0x05, 0x1        	BCF	_GPIObits,1
                                           ;	.line	27; "tombola.c"	GPIO2 = 0;
00003b   1105     bcf     0x05, 0x2        	BCF	_GPIObits,2
                                           ;	.line	28; "tombola.c"	GPIO4 = 0;
00003c   1205     bcf     0x05, 0x4        	BCF	_GPIObits,4
                                           ;	.line	29; "tombola.c"	delay(time);
00003d   3064     movlw   0x64             	MOVLW	0x64
00003e   00af     movwf   0x2f             	MOVWF	STK00
00003f   3000     movlw   0x00             	MOVLW	0x00
                                           	PAGESEL	_delay
000040   217b     call    0x017b           	CALL	_delay
                                           	PAGESEL	$
                                           ;	.line	30; "tombola.c"	break;
000041   289b     goto    0x009b           	GOTO	_00117_DS_
                                           _00106_DS_:
                                           ;	.line	32; "tombola.c"	GPIO0 = 0;
000042   1283     bcf     0x03, 0x5        	BANKSEL	_GPIObits
000043   1005     bcf     0x05, 0x0        	BCF	_GPIObits,0
                                           ;	.line	33; "tombola.c"	GPIO1 = 0;
000044   1085     bcf     0x05, 0x1        	BCF	_GPIObits,1
                                           ;	.line	34; "tombola.c"	GPIO2 = 0;
000045   1105     bcf     0x05, 0x2        	BCF	_GPIObits,2
                                           ;	.line	35; "tombola.c"	GPIO4 = 1;
000046   1605     bsf     0x05, 0x4        	BSF	_GPIObits,4
                                           ;	.line	36; "tombola.c"	delay(time);
000047   3064     movlw   0x64             	MOVLW	0x64
000048   00af     movwf   0x2f             	MOVWF	STK00
000049   3000     movlw   0x00             	MOVLW	0x00
                                           	PAGESEL	_delay
00004a   217b     call    0x017b           	CALL	_delay
                                           	PAGESEL	$
                                           ;	.line	37; "tombola.c"	break;
00004b   289b     goto    0x009b           	GOTO	_00117_DS_
                                           _00107_DS_:
                                           ;	.line	39; "tombola.c"	GPIO0 = 0;
00004c   1283     bcf     0x03, 0x5        	BANKSEL	_GPIObits
00004d   1005     bcf     0x05, 0x0        	BCF	_GPIObits,0
                                           ;	.line	40; "tombola.c"	GPIO1 = 0;
00004e   1085     bcf     0x05, 0x1        	BCF	_GPIObits,1
                                           ;	.line	41; "tombola.c"	GPIO2 = 1;
00004f   1505     bsf     0x05, 0x2        	BSF	_GPIObits,2
                                           ;	.line	42; "tombola.c"	GPIO4 = 0;
000050   1205     bcf     0x05, 0x4        	BCF	_GPIObits,4
                                           ;	.line	43; "tombola.c"	delay(time);
000051   3064     movlw   0x64             	MOVLW	0x64
000052   00af     movwf   0x2f             	MOVWF	STK00
000053   3000     movlw   0x00             	MOVLW	0x00
                                           	PAGESEL	_delay
000054   217b     call    0x017b           	CALL	_delay
                                           	PAGESEL	$
                                           ;	.line	44; "tombola.c"	break;
000055   289b     goto    0x009b           	GOTO	_00117_DS_
                                           _00108_DS_:
                                           ;	.line	46; "tombola.c"	GPIO0 = 0;
000056   1283     bcf     0x03, 0x5        	BANKSEL	_GPIObits
000057   1005     bcf     0x05, 0x0        	BCF	_GPIObits,0
                                           ;	.line	47; "tombola.c"	GPIO1 = 0;
000058   1085     bcf     0x05, 0x1        	BCF	_GPIObits,1
                                           ;	.line	48; "tombola.c"	GPIO2 = 1;
000059   1505     bsf     0x05, 0x2        	BSF	_GPIObits,2
                                           ;	.line	49; "tombola.c"	GPIO4 = 1;
00005a   1605     bsf     0x05, 0x4        	BSF	_GPIObits,4
                                           ;	.line	50; "tombola.c"	delay(time);
00005b   3064     movlw   0x64             	MOVLW	0x64
00005c   00af     movwf   0x2f             	MOVWF	STK00
00005d   3000     movlw   0x00             	MOVLW	0x00
                                           	PAGESEL	_delay
00005e   217b     call    0x017b           	CALL	_delay
                                           	PAGESEL	$
                                           ;	.line	51; "tombola.c"	break;
00005f   289b     goto    0x009b           	GOTO	_00117_DS_
                                           _00109_DS_:
                                           ;	.line	53; "tombola.c"	GPIO0 = 0;
000060   1283     bcf     0x03, 0x5        	BANKSEL	_GPIObits
000061   1005     bcf     0x05, 0x0        	BCF	_GPIObits,0
                                           ;	.line	54; "tombola.c"	GPIO1 = 1;
000062   1485     bsf     0x05, 0x1        	BSF	_GPIObits,1
                                           ;	.line	55; "tombola.c"	GPIO2 = 0;
000063   1105     bcf     0x05, 0x2        	BCF	_GPIObits,2
                                           ;	.line	56; "tombola.c"	GPIO4 = 0;
000064   1205     bcf     0x05, 0x4        	BCF	_GPIObits,4
                                           ;	.line	57; "tombola.c"	delay(time);
000065   3064     movlw   0x64             	MOVLW	0x64
000066   00af     movwf   0x2f             	MOVWF	STK00
000067   3000     movlw   0x00             	MOVLW	0x00
                                           	PAGESEL	_delay
000068   217b     call    0x017b           	CALL	_delay
                                           	PAGESEL	$
                                           ;	.line	58; "tombola.c"	break;
000069   289b     goto    0x009b           	GOTO	_00117_DS_
                                           _00110_DS_:
                                           ;	.line	60; "tombola.c"	GPIO0 = 0;
00006a   1283     bcf     0x03, 0x5        	BANKSEL	_GPIObits
00006b   1005     bcf     0x05, 0x0        	BCF	_GPIObits,0
                                           ;	.line	61; "tombola.c"	GPIO1 = 1;
00006c   1485     bsf     0x05, 0x1        	BSF	_GPIObits,1
                                           ;	.line	62; "tombola.c"	GPIO2 = 0;
00006d   1105     bcf     0x05, 0x2        	BCF	_GPIObits,2
                                           ;	.line	63; "tombola.c"	GPIO4 = 1;
00006e   1605     bsf     0x05, 0x4        	BSF	_GPIObits,4
                                           ;	.line	64; "tombola.c"	delay(time);
00006f   3064     movlw   0x64             	MOVLW	0x64
000070   00af     movwf   0x2f             	MOVWF	STK00
000071   3000     movlw   0x00             	MOVLW	0x00
                                           	PAGESEL	_delay
000072   217b     call    0x017b           	CALL	_delay
                                           	PAGESEL	$
                                           ;	.line	65; "tombola.c"	break;
000073   289b     goto    0x009b           	GOTO	_00117_DS_
                                           _00111_DS_:
                                           ;	.line	67; "tombola.c"	GPIO0 = 0;
000074   1283     bcf     0x03, 0x5        	BANKSEL	_GPIObits
000075   1005     bcf     0x05, 0x0        	BCF	_GPIObits,0
                                           ;	.line	68; "tombola.c"	GPIO1 = 1;
000076   1485     bsf     0x05, 0x1        	BSF	_GPIObits,1
                                           ;	.line	69; "tombola.c"	GPIO2 = 1;
000077   1505     bsf     0x05, 0x2        	BSF	_GPIObits,2
                                           ;	.line	70; "tombola.c"	GPIO4 = 0;
000078   1205     bcf     0x05, 0x4        	BCF	_GPIObits,4
                                           ;	.line	71; "tombola.c"	delay(time);
000079   3064     movlw   0x64             	MOVLW	0x64
00007a   00af     movwf   0x2f             	MOVWF	STK00
00007b   3000     movlw   0x00             	MOVLW	0x00
                                           	PAGESEL	_delay
00007c   217b     call    0x017b           	CALL	_delay
                                           	PAGESEL	$
                                           ;	.line	72; "tombola.c"	break;
00007d   289b     goto    0x009b           	GOTO	_00117_DS_
                                           _00112_DS_:
                                           ;	.line	74; "tombola.c"	GPIO0 = 0;
00007e   1283     bcf     0x03, 0x5        	BANKSEL	_GPIObits
00007f   1005     bcf     0x05, 0x0        	BCF	_GPIObits,0
                                           ;	.line	75; "tombola.c"	GPIO1 = 1;
000080   1485     bsf     0x05, 0x1        	BSF	_GPIObits,1
                                           ;	.line	76; "tombola.c"	GPIO2 = 1;
000081   1505     bsf     0x05, 0x2        	BSF	_GPIObits,2
                                           ;	.line	77; "tombola.c"	GPIO4 = 1;
000082   1605     bsf     0x05, 0x4        	BSF	_GPIObits,4
                                           ;	.line	78; "tombola.c"	delay(time);
000083   3064     movlw   0x64             	MOVLW	0x64
000084   00af     movwf   0x2f             	MOVWF	STK00
000085   3000     movlw   0x00             	MOVLW	0x00
                                           	PAGESEL	_delay
000086   217b     call    0x017b           	CALL	_delay
                                           	PAGESEL	$
                                           ;	.line	79; "tombola.c"	break;
000087   289b     goto    0x009b           	GOTO	_00117_DS_
                                           _00113_DS_:
                                           ;	.line	81; "tombola.c"	GPIO0 = 1;
000088   1283     bcf     0x03, 0x5        	BANKSEL	_GPIObits
000089   1405     bsf     0x05, 0x0        	BSF	_GPIObits,0
                                           ;	.line	82; "tombola.c"	GPIO1 = 0;
00008a   1085     bcf     0x05, 0x1        	BCF	_GPIObits,1
                                           ;	.line	83; "tombola.c"	GPIO2 = 0;
00008b   1105     bcf     0x05, 0x2        	BCF	_GPIObits,2
                                           ;	.line	84; "tombola.c"	GPIO4 = 0;
00008c   1205     bcf     0x05, 0x4        	BCF	_GPIObits,4
                                           ;	.line	85; "tombola.c"	delay(time);
00008d   3064     movlw   0x64             	MOVLW	0x64
00008e   00af     movwf   0x2f             	MOVWF	STK00
00008f   3000     movlw   0x00             	MOVLW	0x00
                                           	PAGESEL	_delay
000090   217b     call    0x017b           	CALL	_delay
                                           	PAGESEL	$
                                           ;	.line	86; "tombola.c"	break;
000091   289b     goto    0x009b           	GOTO	_00117_DS_
                                           _00114_DS_:
                                           ;	.line	88; "tombola.c"	GPIO0 = 1;
000092   1283     bcf     0x03, 0x5        	BANKSEL	_GPIObits
000093   1405     bsf     0x05, 0x0        	BSF	_GPIObits,0
                                           ;	.line	89; "tombola.c"	GPIO1 = 0;
000094   1085     bcf     0x05, 0x1        	BCF	_GPIObits,1
                                           ;	.line	90; "tombola.c"	GPIO2 = 0;
000095   1105     bcf     0x05, 0x2        	BCF	_GPIObits,2
                                           ;	.line	91; "tombola.c"	GPIO4 = 1;
000096   1605     bsf     0x05, 0x4        	BSF	_GPIObits,4
                                           ;	.line	92; "tombola.c"	delay(time);
000097   3064     movlw   0x64             	MOVLW	0x64
000098   00af     movwf   0x2f             	MOVWF	STK00
000099   3000     movlw   0x00             	MOVLW	0x00
                                           	PAGESEL	_delay
00009a   217b     call    0x017b           	CALL	_delay
                                           	PAGESEL	$
                                           _00117_DS_:
                                           ;	.line	98; "tombola.c"	counter += 1;
00009b   0abc     incf    0x3c, 0x1        	INCF	r0x1005,F
00009c   1903     btfsc   0x03, 0x2        	BTFSC	STATUS,2
00009d   0abd     incf    0x3d, 0x1        	INCF	r0x1006,F
00009e   2809     goto    0x0009           	GOTO	_00124_DS_
                                           ;;swapping arguments (AOP_TYPEs 1/2)
                                           ;;unsigned compare: left >= lit(0xA=10), size=2
                                           _00121_DS_:
                                           ;	.line	101; "tombola.c"	else if (counter > 9){
00009f   3000     movlw   0x00             	MOVLW	0x00
0000a0   023d     subwf   0x3d, 0x0        	SUBWF	r0x1006,W
0000a1   1d03     btfss   0x03, 0x2        	BTFSS	STATUS,2
0000a2   28a5     goto    0x00a5           	GOTO	_00151_DS_
0000a3   300a     movlw   0x0a             	MOVLW	0x0a
0000a4   023c     subwf   0x3c, 0x0        	SUBWF	r0x1005,W
                                           _00151_DS_:
0000a5   1c03     btfss   0x03, 0x0        	BTFSS	STATUS,0
0000a6   2809     goto    0x0009           	GOTO	_00124_DS_
                                           ;;genSkipc:3307: created from rifx:0x7fffe769a6e0
                                           ;	.line	102; "tombola.c"	counter = 0;
0000a7   01bc     clrf    0x3c             	CLRF	r0x1005
0000a8   01bd     clrf    0x3d             	CLRF	r0x1006
0000a9   2809     goto    0x0009           	GOTO	_00124_DS_
                                           ;	.line	107; "tombola.c"	}
0000aa   0008     return                   	RETURN	
                                           ; exit point of _main
                                           
                                           ;***
                                           ;  pBlock Stats: dbName = C
                                           ;***
                                           ;has an exit
                                           ;6 compiler assigned registers:
                                           ;   r0x1000
                                           ;   STK00
                                           ;   r0x1001
                                           ;   r0x1002
                                           ;   r0x1003
                                           ;   r0x1004
                                           ;; Starting pCode block
                                           S_tombola__delay	code
                                           _delay:
                                           ; 2 exit points
                                           ;	.line	109; "tombola.c"	void delay(unsigned int tiempo)
00017b   00c0     movwf   0x40             	MOVWF	r0x1000
00017c   082f     movf    0x2f, 0x0        	MOVF	STK00,W
00017d   00bf     movwf   0x3f             	MOVWF	r0x1001
                                           ;	.line	113; "tombola.c"	for (i=0; i < tiempo; i++)
00017e   01c1     clrf    0x41             	CLRF	r0x1002
00017f   01c2     clrf    0x42             	CLRF	r0x1003
                                           _00162_DS_:
000180   0840     movf    0x40, 0x0        	MOVF	r0x1000,W
000181   0242     subwf   0x42, 0x0        	SUBWF	r0x1003,W
000182   1d03     btfss   0x03, 0x2        	BTFSS	STATUS,2
000183   2986     goto    0x0186           	GOTO	_00184_DS_
000184   083f     movf    0x3f, 0x0        	MOVF	r0x1001,W
000185   0241     subwf   0x41, 0x0        	SUBWF	r0x1002,W
                                           _00184_DS_:
000186   1803     btfsc   0x03, 0x0        	BTFSC	STATUS,0
000187   2998     goto    0x0198           	GOTO	_00164_DS_
                                           ;;genSkipc:3307: created from rifx:0x7fffe769a6e0
                                           ;;unsigned compare: left < lit(0x4FB=1275), size=2
                                           ;	.line	114; "tombola.c"	for (j = 0; i < 1275; j++);
000188   3004     movlw   0x04             	MOVLW	0x04
000189   0242     subwf   0x42, 0x0        	SUBWF	r0x1003,W
00018a   1d03     btfss   0x03, 0x2        	BTFSS	STATUS,2
00018b   298e     goto    0x018e           	GOTO	_00185_DS_
00018c   30fb     movlw   0xfb             	MOVLW	0xfb
00018d   0241     subwf   0x41, 0x0        	SUBWF	r0x1002,W
                                           _00185_DS_:
00018e   01c3     clrf    0x43             	CLRF	r0x1004
00018f   1c03     btfss   0x03, 0x0        	BTFSS	STATUS,0
000190   1443     bsf     0x43, 0x0        	BSF	r0x1004,0
                                           _00159_DS_:
000191   0843     movf    0x43, 0x0        	MOVF	r0x1004,W
000192   1d03     btfss   0x03, 0x2        	BTFSS	STATUS,2
000193   2991     goto    0x0191           	GOTO	_00159_DS_
                                           ;	.line	113; "tombola.c"	for (i=0; i < tiempo; i++)
000194   0ac1     incf    0x41, 0x1        	INCF	r0x1002,F
000195   1903     btfsc   0x03, 0x2        	BTFSC	STATUS,2
000196   0ac2     incf    0x42, 0x1        	INCF	r0x1003,F
000197   2980     goto    0x0180           	GOTO	_00162_DS_
                                           _00164_DS_:
                                           ;	.line	116; "tombola.c"	}
000198   0008     return                   	RETURN	
                                           ; exit point of _delay
                                           
                                           
                                           ;	code size estimation:
                                           ;	  185+   34 =   219 instructions (  506 byte)
                                           
                                           	end
